  wavcat.cpp
E:\dsftools\wavcat\wavcat.cpp(170,39): warning C4244: '引数': 'int64_t' から 'int' への変換です。データが失われる可能性があります。
E:\dsftools\wavcat\wavcat.cpp(171,40): warning C4244: '引数': 'int64_t' から 'int' への変換です。データが失われる可能性があります。
E:\dsftools\wavcat\wavcat.cpp(174,46): warning C4244: '引数': 'int64_t' から 'int' への変換です。データが失われる可能性があります。
E:\dsftools\wavcat\wavcat.cpp(188,39): warning C4244: '引数': 'int64_t' から 'int' への変換です。データが失われる可能性があります。
E:\dsftools\wavcat\wavcat.cpp(189,40): warning C4244: '引数': 'int64_t' から 'int' への変換です。データが失われる可能性があります。
E:\dsftools\wavcat\wavcat.cpp(193,12): warning C4477: 'printf' : 書式文字列 '%ld' には、型 'long' の引数が必要ですが、可変個引数 1 は型 'int64_t' です
      E:\dsftools\wavcat\wavcat.cpp(193,12):
      書式文字列に '%lld' を使用することをお勧めします
      E:\dsftools\wavcat\wavcat.cpp(193,12):
      書式文字列に '%Id' を使用することをお勧めします
      E:\dsftools\wavcat\wavcat.cpp(193,12):
      書式文字列に '%I64d' を使用することをお勧めします
  
E:\dsftools\wavcat\wavcat.cpp(194,12): warning C4477: 'printf' : 書式文字列 '%ld' には、型 'long' の引数が必要ですが、可変個引数 1 は型 'int64_t' です
      E:\dsftools\wavcat\wavcat.cpp(194,12):
      書式文字列に '%lld' を使用することをお勧めします
      E:\dsftools\wavcat\wavcat.cpp(194,12):
      書式文字列に '%Id' を使用することをお勧めします
      E:\dsftools\wavcat\wavcat.cpp(194,12):
      書式文字列に '%I64d' を使用することをお勧めします
  
E:\dsftools\wavcat\wavcat.cpp(249,29): warning C4244: '=': 'int64_t' から 'int' への変換です。データが失われる可能性があります。
E:\dsftools\wavcat\wavcat.cpp(260,23): warning C4244: '初期化中': 'int64_t' から 'int' への変換です。データが失われる可能性があります。
E:\dsftools\wavcat\wavcat.cpp(303,32): warning C4244: '引数': 'int64_t' から 'int' への変換です。データが失われる可能性があります。
E:\dsftools\wavcat\wavcat.cpp(304,32): warning C4244: '引数': 'int64_t' から 'int' への変換です。データが失われる可能性があります。
E:\dsftools\wavcat\wavcat.cpp(309,32): warning C4244: '引数': 'int64_t' から 'int' への変換です。データが失われる可能性があります。
E:\dsftools\wavcat\wavcat.cpp(310,32): warning C4244: '引数': 'int64_t' から 'int' への変換です。データが失われる可能性があります。
E:\dsftools\wavcat\wavcat.cpp(315,32): warning C4244: '引数': 'int64_t' から 'int' への変換です。データが失われる可能性があります。
  wave_divider.cpp
  wave_reader.cpp
E:\dsftools\wavcat\wave_reader.cpp(36,13): warning C4267: '初期化中': 'size_t' から 'int' に変換しました。データが失われているかもしれません。
E:\dsftools\wavcat\wave_reader.cpp(51,13): warning C4267: '初期化中': 'size_t' から 'int' に変換しました。データが失われているかもしれません。
E:\dsftools\wavcat\wave_reader.cpp(63,9): error C4996: 'fopen': This function or variable may be unsafe. Consider using fopen_s instead. To disable deprecation, use _CRT_SECURE_NO_WARNINGS. See online help for details.
E:\dsftools\wavcat\wave_reader.cpp(222,22): warning C4244: '初期化中': 'int64_t' から 'int' への変換です。データが失われる可能性があります。
E:\dsftools\wavcat\wave_reader.cpp(228,22): warning C4244: '引数': 'int64_t' から 'long' への変換です。データが失われる可能性があります。
E:\dsftools\wavcat\wave_reader.cpp(239,22): warning C4244: '引数': 'int64_t' から 'long' への変換です。データが失われる可能性があります。
E:\dsftools\wavcat\wave_reader.cpp(305,17): warning C4267: '初期化中': 'size_t' から 'int' に変換しました。データが失われているかもしれません。
E:\dsftools\wavcat\wave_reader.cpp(309,20): warning C4477: 'printf' : 書式文字列 '%ld' には、型 'long' の引数が必要ですが、可変個引数 1 は型 'int64_t' です
      E:\dsftools\wavcat\wave_reader.cpp(309,20):
      書式文字列に '%lld' を使用することをお勧めします
      E:\dsftools\wavcat\wave_reader.cpp(309,20):
      書式文字列に '%Id' を使用することをお勧めします
      E:\dsftools\wavcat\wave_reader.cpp(309,20):
      書式文字列に '%I64d' を使用することをお勧めします
  
E:\dsftools\wavcat\wave_reader.cpp(309,20): warning C4477: 'printf' : 書式文字列 '%ld' には、型 'long' の引数が必要ですが、可変個引数 2 は型 'int64_t' です
      E:\dsftools\wavcat\wave_reader.cpp(309,20):
      書式文字列に '%lld' を使用することをお勧めします
      E:\dsftools\wavcat\wave_reader.cpp(309,20):
      書式文字列に '%Id' を使用することをお勧めします
      E:\dsftools\wavcat\wave_reader.cpp(309,20):
      書式文字列に '%I64d' を使用することをお勧めします
  
E:\dsftools\wavcat\wave_reader.cpp(309,20): warning C4477: 'printf' : 書式文字列 '%ld' には、型 'long' の引数が必要ですが、可変個引数 3 は型 'int64_t' です
      E:\dsftools\wavcat\wave_reader.cpp(309,20):
      書式文字列に '%lld' を使用することをお勧めします
      E:\dsftools\wavcat\wave_reader.cpp(309,20):
      書式文字列に '%Id' を使用することをお勧めします
      E:\dsftools\wavcat\wave_reader.cpp(309,20):
      書式文字列に '%I64d' を使用することをお勧めします
  
E:\dsftools\wavcat\wave_reader.cpp(421,21): error C2065: '_Float128': 定義されていない識別子です。
E:\dsftools\wavcat\wave_reader.cpp(421,31): error C2146: 構文エラー: ';' が、識別子 'devide_by' の前に必要です。
E:\dsftools\wavcat\wave_reader.cpp(421,31): error C2065: 'devide_by': 定義されていない識別子です。
E:\dsftools\wavcat\wave_reader.cpp(421,43): error C3688: リテラル サフィックス 'f128' が無効です。リテラル演算子またはリテラル演算子テンプレート 'operator ""f128' が見つかりません
E:\dsftools\wavcat\wave_reader.cpp(429,25): error C2065: 'devide_by': 定義されていない識別子です。
E:\dsftools\wavcat\wave_reader.cpp(429,37): error C3688: リテラル サフィックス 'f128' が無効です。リテラル演算子またはリテラル演算子テンプレート 'operator ""f128' が見つかりません
E:\dsftools\wavcat\wave_reader.cpp(433,21): error C2065: '_Float128': 定義されていない識別子です。
E:\dsftools\wavcat\wave_reader.cpp(433,31): error C2146: 構文エラー: ';' が、識別子 'val_temp' の前に必要です。
E:\dsftools\wavcat\wave_reader.cpp(433,31): error C2065: 'val_temp': 定義されていない識別子です。
E:\dsftools\wavcat\wave_reader.cpp(436,25): error C2065: 'val_temp': 定義されていない識別子です。
E:\dsftools\wavcat\wave_reader.cpp(436,37): error C2065: '_Float128': 定義されていない識別子です。
E:\dsftools\wavcat\wave_reader.cpp(437,25): error C2065: 'val_temp': 定義されていない識別子です。
E:\dsftools\wavcat\wave_reader.cpp(437,37): error C2065: 'val_temp': 定義されていない識別子です。
E:\dsftools\wavcat\wave_reader.cpp(437,48): error C2065: 'devide_by': 定義されていない識別子です。
E:\dsftools\wavcat\wave_reader.cpp(438,42): error C2065: 'val_temp': 定義されていない識別子です。
E:\dsftools\wavcat\wave_reader.cpp(443,56): error C2065: '_Float128': 定義されていない識別子です。
E:\dsftools\wavcat\wave_reader.cpp(443,66): error C2146: 構文エラー: ')' が、識別子 'temp_value' の前に必要です。
E:\dsftools\wavcat\wave_reader.cpp(443,66): error C2146: 構文エラー: '(' が、識別子 'temp_value' の前に必要です。
E:\dsftools\wavcat\wave_reader.cpp(549,16): warning C4477: 'printf' : 書式文字列 '%ld' には、型 'long' の引数が必要ですが、可変個引数 1 は型 'int64_t' です
      E:\dsftools\wavcat\wave_reader.cpp(549,16):
      書式文字列に '%lld' を使用することをお勧めします
      E:\dsftools\wavcat\wave_reader.cpp(549,16):
      書式文字列に '%Id' を使用することをお勧めします
      E:\dsftools\wavcat\wave_reader.cpp(549,16):
      書式文字列に '%I64d' を使用することをお勧めします
  
E:\dsftools\wavcat\wave_reader.cpp(638,29): error C2065: '_Float128': 定義されていない識別子です。
E:\dsftools\wavcat\wave_reader.cpp(638,39): error C2146: 構文エラー: ';' が、識別子 'val_temp' の前に必要です。
E:\dsftools\wavcat\wave_reader.cpp(638,39): error C2065: 'val_temp': 定義されていない識別子です。
E:\dsftools\wavcat\wave_reader.cpp(638,51): error C2065: '_Float128': 定義されていない識別子です。
E:\dsftools\wavcat\wave_reader.cpp(642,29): error C2065: 'val_temp': 定義されていない識別子です。
E:\dsftools\wavcat\wave_reader.cpp(642,41): error C2065: 'val_temp': 定義されていない識別子です。
E:\dsftools\wavcat\wave_reader.cpp(642,52): error C3688: リテラル サフィックス 'f128' が無効です。リテラル演算子またはリテラル演算子テンプレート 'operator ""f128' が見つかりません
E:\dsftools\wavcat\wave_reader.cpp(645,61): error C2065: 'val_temp': 定義されていない識別子です。
E:\dsftools\wavcat\wave_reader.cpp(656,33): error C2065: '_Float128': 定義されていない識別子です。
E:\dsftools\wavcat\wave_reader.cpp(656,43): error C2146: 構文エラー: ';' が、識別子 'val_temp' の前に必要です。
E:\dsftools\wavcat\wave_reader.cpp(656,43): error C2065: 'val_temp': 定義されていない識別子です。
E:\dsftools\wavcat\wave_reader.cpp(656,55): error C2065: '_Float128': 定義されていない識別子です。
E:\dsftools\wavcat\wave_reader.cpp(660,33): error C2065: 'val_temp': 定義されていない識別子です。
E:\dsftools\wavcat\wave_reader.cpp(660,45): error C2065: 'val_temp': 定義されていない識別子です。
E:\dsftools\wavcat\wave_reader.cpp(660,56): error C3688: リテラル サフィックス 'f128' が無効です。リテラル演算子またはリテラル演算子テンプレート 'operator ""f128' が見つかりません
E:\dsftools\wavcat\wave_reader.cpp(663,65): error C2065: 'val_temp': 定義されていない識別子です。
E:\dsftools\wavcat\wave_reader.cpp(922,12): warning C4244: 'return': 'int64_t' から 'int' への変換です。データが失われる可能性があります。
  wave_writer.cpp
E:\dsftools\wavcat\wave_writer.cpp(8,10): error C4996: 'fopen': This function or variable may be unsafe. Consider using fopen_s instead. To disable deprecation, use _CRT_SECURE_NO_WARNINGS. See online help for details.
E:\dsftools\wavcat\wave_writer.cpp(201,29): error C2065: '_Float128': 定義されていない識別子です。
E:\dsftools\wavcat\wave_writer.cpp(201,39): error C2146: 構文エラー: ';' が、識別子 'val_temp' の前に必要です。
E:\dsftools\wavcat\wave_writer.cpp(201,39): error C2065: 'val_temp': 定義されていない識別子です。
E:\dsftools\wavcat\wave_writer.cpp(201,51): error C2065: '_Float128': 定義されていない識別子です。
E:\dsftools\wavcat\wave_writer.cpp(205,29): error C2065: 'val_temp': 定義されていない識別子です。
E:\dsftools\wavcat\wave_writer.cpp(205,41): error C2065: 'val_temp': 定義されていない識別子です。
E:\dsftools\wavcat\wave_writer.cpp(205,52): error C3688: リテラル サフィックス 'f128' が無効です。リテラル演算子またはリテラル演算子テンプレート 'operator ""f128' が見つかりません
E:\dsftools\wavcat\wave_writer.cpp(208,61): error C2065: 'val_temp': 定義されていない識別子です。
E:\dsftools\wavcat\wave_writer.cpp(219,33): error C2065: '_Float128': 定義されていない識別子です。
E:\dsftools\wavcat\wave_writer.cpp(219,43): error C2146: 構文エラー: ';' が、識別子 'val_temp' の前に必要です。
E:\dsftools\wavcat\wave_writer.cpp(219,43): error C2065: 'val_temp': 定義されていない識別子です。
E:\dsftools\wavcat\wave_writer.cpp(219,55): error C2065: '_Float128': 定義されていない識別子です。
E:\dsftools\wavcat\wave_writer.cpp(223,33): error C2065: 'val_temp': 定義されていない識別子です。
E:\dsftools\wavcat\wave_writer.cpp(223,45): error C2065: 'val_temp': 定義されていない識別子です。
E:\dsftools\wavcat\wave_writer.cpp(223,56): error C3688: リテラル サフィックス 'f128' が無効です。リテラル演算子またはリテラル演算子テンプレート 'operator ""f128' が見つかりません
E:\dsftools\wavcat\wave_writer.cpp(226,65): error C2065: 'val_temp': 定義されていない識別子です。
